// Jest Snapshot v1, https://goo.gl/fbAQLP

exports[`renders correctly 1`] = `
<div>
  <span
    className="table-title ReactTable"
  >
    
  </span>
  <div
    className="ReactTable"
    style={
      Object {
        "height": "400px",
      }
    }
  >
    <div
      className="rt-table"
      role="grid"
      style={undefined}
    >
      <div
        className="rt-thead -header"
        style={
          Object {
            "minWidth": "0px",
          }
        }
      >
        <div
          className="rt-tr"
          role="row"
          style={undefined}
        />
      </div>
      <div
        className="rt-tbody"
        style={
          Object {
            "minWidth": "0px",
          }
        }
      >
        <div
          className="rt-tr-group"
          role="rowgroup"
        >
          <div
            className="rt-tr -padRow -odd"
            role="row"
            style={Object {}}
          />
        </div>
        <div
          className="rt-tr-group"
          role="rowgroup"
        >
          <div
            className="rt-tr -padRow -even"
            role="row"
            style={Object {}}
          />
        </div>
        <div
          className="rt-tr-group"
          role="rowgroup"
        >
          <div
            className="rt-tr -padRow -odd"
            role="row"
            style={Object {}}
          />
        </div>
        <div
          className="rt-tr-group"
          role="rowgroup"
        >
          <div
            className="rt-tr -padRow -even"
            role="row"
            style={Object {}}
          />
        </div>
        <div
          className="rt-tr-group"
          role="rowgroup"
        >
          <div
            className="rt-tr -padRow -odd"
            role="row"
            style={Object {}}
          />
        </div>
        <div
          className="rt-tr-group"
          role="rowgroup"
        >
          <div
            className="rt-tr -padRow -even"
            role="row"
            style={Object {}}
          />
        </div>
        <div
          className="rt-tr-group"
          role="rowgroup"
        >
          <div
            className="rt-tr -padRow -odd"
            role="row"
            style={Object {}}
          />
        </div>
        <div
          className="rt-tr-group"
          role="rowgroup"
        >
          <div
            className="rt-tr -padRow -even"
            role="row"
            style={Object {}}
          />
        </div>
        <div
          className="rt-tr-group"
          role="rowgroup"
        >
          <div
            className="rt-tr -padRow -odd"
            role="row"
            style={Object {}}
          />
        </div>
        <div
          className="rt-tr-group"
          role="rowgroup"
        >
          <div
            className="rt-tr -padRow -even"
            role="row"
            style={Object {}}
          />
        </div>
        <div
          className="rt-tr-group"
          role="rowgroup"
        >
          <div
            className="rt-tr -padRow -odd"
            role="row"
            style={Object {}}
          />
        </div>
        <div
          className="rt-tr-group"
          role="rowgroup"
        >
          <div
            className="rt-tr -padRow -even"
            role="row"
            style={Object {}}
          />
        </div>
        <div
          className="rt-tr-group"
          role="rowgroup"
        >
          <div
            className="rt-tr -padRow -odd"
            role="row"
            style={Object {}}
          />
        </div>
        <div
          className="rt-tr-group"
          role="rowgroup"
        >
          <div
            className="rt-tr -padRow -even"
            role="row"
            style={Object {}}
          />
        </div>
        <div
          className="rt-tr-group"
          role="rowgroup"
        >
          <div
            className="rt-tr -padRow -odd"
            role="row"
            style={Object {}}
          />
        </div>
        <div
          className="rt-tr-group"
          role="rowgroup"
        >
          <div
            className="rt-tr -padRow -even"
            role="row"
            style={Object {}}
          />
        </div>
        <div
          className="rt-tr-group"
          role="rowgroup"
        >
          <div
            className="rt-tr -padRow -odd"
            role="row"
            style={Object {}}
          />
        </div>
        <div
          className="rt-tr-group"
          role="rowgroup"
        >
          <div
            className="rt-tr -padRow -even"
            role="row"
            style={Object {}}
          />
        </div>
        <div
          className="rt-tr-group"
          role="rowgroup"
        >
          <div
            className="rt-tr -padRow -odd"
            role="row"
            style={Object {}}
          />
        </div>
        <div
          className="rt-tr-group"
          role="rowgroup"
        >
          <div
            className="rt-tr -padRow -even"
            role="row"
            style={Object {}}
          />
        </div>
        <div
          className="rt-tr-group"
          role="rowgroup"
        >
          <div
            className="rt-tr -padRow -odd"
            role="row"
            style={Object {}}
          />
        </div>
        <div
          className="rt-tr-group"
          role="rowgroup"
        >
          <div
            className="rt-tr -padRow -even"
            role="row"
            style={Object {}}
          />
        </div>
        <div
          className="rt-tr-group"
          role="rowgroup"
        >
          <div
            className="rt-tr -padRow -odd"
            role="row"
            style={Object {}}
          />
        </div>
        <div
          className="rt-tr-group"
          role="rowgroup"
        >
          <div
            className="rt-tr -padRow -even"
            role="row"
            style={Object {}}
          />
        </div>
        <div
          className="rt-tr-group"
          role="rowgroup"
        >
          <div
            className="rt-tr -padRow -odd"
            role="row"
            style={Object {}}
          />
        </div>
        <div
          className="rt-tr-group"
          role="rowgroup"
        >
          <div
            className="rt-tr -padRow -even"
            role="row"
            style={Object {}}
          />
        </div>
        <div
          className="rt-tr-group"
          role="rowgroup"
        >
          <div
            className="rt-tr -padRow -odd"
            role="row"
            style={Object {}}
          />
        </div>
        <div
          className="rt-tr-group"
          role="rowgroup"
        >
          <div
            className="rt-tr -padRow -even"
            role="row"
            style={Object {}}
          />
        </div>
        <div
          className="rt-tr-group"
          role="rowgroup"
        >
          <div
            className="rt-tr -padRow -odd"
            role="row"
            style={Object {}}
          />
        </div>
        <div
          className="rt-tr-group"
          role="rowgroup"
        >
          <div
            className="rt-tr -padRow -even"
            role="row"
            style={Object {}}
          />
        </div>
        <div
          className="rt-tr-group"
          role="rowgroup"
        >
          <div
            className="rt-tr -padRow -odd"
            role="row"
            style={Object {}}
          />
        </div>
        <div
          className="rt-tr-group"
          role="rowgroup"
        >
          <div
            className="rt-tr -padRow -even"
            role="row"
            style={Object {}}
          />
        </div>
        <div
          className="rt-tr-group"
          role="rowgroup"
        >
          <div
            className="rt-tr -padRow -odd"
            role="row"
            style={Object {}}
          />
        </div>
        <div
          className="rt-tr-group"
          role="rowgroup"
        >
          <div
            className="rt-tr -padRow -even"
            role="row"
            style={Object {}}
          />
        </div>
        <div
          className="rt-tr-group"
          role="rowgroup"
        >
          <div
            className="rt-tr -padRow -odd"
            role="row"
            style={Object {}}
          />
        </div>
        <div
          className="rt-tr-group"
          role="rowgroup"
        >
          <div
            className="rt-tr -padRow -even"
            role="row"
            style={Object {}}
          />
        </div>
        <div
          className="rt-tr-group"
          role="rowgroup"
        >
          <div
            className="rt-tr -padRow -odd"
            role="row"
            style={Object {}}
          />
        </div>
        <div
          className="rt-tr-group"
          role="rowgroup"
        >
          <div
            className="rt-tr -padRow -even"
            role="row"
            style={Object {}}
          />
        </div>
        <div
          className="rt-tr-group"
          role="rowgroup"
        >
          <div
            className="rt-tr -padRow -odd"
            role="row"
            style={Object {}}
          />
        </div>
        <div
          className="rt-tr-group"
          role="rowgroup"
        >
          <div
            className="rt-tr -padRow -even"
            role="row"
            style={Object {}}
          />
        </div>
        <div
          className="rt-tr-group"
          role="rowgroup"
        >
          <div
            className="rt-tr -padRow -odd"
            role="row"
            style={Object {}}
          />
        </div>
        <div
          className="rt-tr-group"
          role="rowgroup"
        >
          <div
            className="rt-tr -padRow -even"
            role="row"
            style={Object {}}
          />
        </div>
        <div
          className="rt-tr-group"
          role="rowgroup"
        >
          <div
            className="rt-tr -padRow -odd"
            role="row"
            style={Object {}}
          />
        </div>
        <div
          className="rt-tr-group"
          role="rowgroup"
        >
          <div
            className="rt-tr -padRow -even"
            role="row"
            style={Object {}}
          />
        </div>
        <div
          className="rt-tr-group"
          role="rowgroup"
        >
          <div
            className="rt-tr -padRow -odd"
            role="row"
            style={Object {}}
          />
        </div>
        <div
          className="rt-tr-group"
          role="rowgroup"
        >
          <div
            className="rt-tr -padRow -even"
            role="row"
            style={Object {}}
          />
        </div>
        <div
          className="rt-tr-group"
          role="rowgroup"
        >
          <div
            className="rt-tr -padRow -odd"
            role="row"
            style={Object {}}
          />
        </div>
        <div
          className="rt-tr-group"
          role="rowgroup"
        >
          <div
            className="rt-tr -padRow -even"
            role="row"
            style={Object {}}
          />
        </div>
        <div
          className="rt-tr-group"
          role="rowgroup"
        >
          <div
            className="rt-tr -padRow -odd"
            role="row"
            style={Object {}}
          />
        </div>
        <div
          className="rt-tr-group"
          role="rowgroup"
        >
          <div
            className="rt-tr -padRow -even"
            role="row"
            style={Object {}}
          />
        </div>
      </div>
    </div>
    <div
      className="rt-noData"
    >
      No rows found
    </div>
    <div
      className="-loading"
    >
      <div
        className="-loading-inner"
      >
        Loading...
      </div>
    </div>
  </div>
</div>
`;
